// Jest Snapshot v1, https://goo.gl/fbAQLP

exports[`TextSelector component renders TextSelector 1`] = `
<form
  onSubmit={[Function]}
>
  <input
    onChange={[Function]}
    type="text"
    value="Greetings friends and foe!!!!"
  />
  <button>
    Submit
  </button>
</form>
`;
